// Jest Snapshot v1, https://goo.gl/fbAQLP

exports[`Components - Modal renders - modal 1`] = `
<View
  style={
    Object {
      "alignItems": "center",
      "flex": 1,
      "justifyContent": "center",
      "marginTop": 22,
    }
  }
>
  <Modal
    animationType="slide"
    hardwareAccelerated={false}
    transparent={true}
    visible={true}
  >
    <View
      style={
        Object {
          "alignItems": "center",
          "flex": 1,
          "justifyContent": "center",
          "marginTop": 22,
        }
      }
    >
      <View
        style={
          Object {
            "alignItems": "center",
            "backgroundColor": "white",
            "borderRadius": 20,
            "elevation": 5,
            "margin": 20,
            "padding": 35,
            "shadowColor": "#000",
            "shadowOffset": Object {
              "height": 2,
              "width": 0,
            },
            "shadowOpacity": 0.25,
            "shadowRadius": 4,
          }
        }
      >
        <Text>
          Dummy text
        </Text>
      </View>
    </View>
  </Modal>
</View>
`;
